40 soak runs, estimated 73 min (isolated TUN emulator)
[1/40] down-clean-12 kernel-cubic: ok (181s)
[2/40] down-clean-12 smoltcp-cubic: ok (181s)
[3/40] down-clean-12 zfstack-cubic: ok (181s)
[4/40] down-clean-12 zfstack-bbr: ok (181s)
[5/40] down-loss-12 kernel-cubic: ok (121s)
[6/40] down-loss-12 smoltcp-cubic: ok (121s)
[7/40] down-loss-12 zfstack-cubic: ok (121s)
[8/40] down-loss-12 zfstack-bbr: ok (121s)
[9/40] down-shallow-80 kernel-cubic: ok (121s)
[10/40] down-shallow-80 smoltcp-cubic: ok (121s)
[11/40] down-shallow-80 zfstack-cubic: ok (121s)
[12/40] down-shallow-80 zfstack-bbr: ok (121s)
[13/40] down-loss80-8f kernel-cubic: ok (121s)
[14/40] down-loss80-8f smoltcp-cubic: ok (121s)
[15/40] down-loss80-8f zfstack-cubic: ok (121s)
[16/40] down-loss80-8f zfstack-bbr: ok (121s)
[17/40] up-clean-12 kernel-cubic: ok (121s)
[18/40] up-clean-12 smoltcp-cubic: ok (121s)
[19/40] up-clean-12 zfstack-cubic: ok (121s)
[20/40] up-clean-12 zfstack-bbr: ok (121s)
[21/40] up-loss-12 kernel-cubic: ok (121s)
[22/40] up-loss-12 smoltcp-cubic: ok (121s)
[23/40] up-loss-12 zfstack-cubic: ok (121s)
[24/40] up-loss-12 zfstack-bbr: ok (121s)
[25/40] mixed-12 kernel-cubic: ok (124s)
[26/40] mixed-12 smoltcp-cubic: ok (124s)
[27/40] mixed-12 zfstack-cubic: ok (124s)
[28/40] mixed-12 zfstack-bbr: ok (124s)
[29/40] pause-12 kernel-cubic: ok (41s)
[30/40] pause-12 smoltcp-cubic: ok (41s)
[31/40] pause-12 zfstack-cubic: ok (41s)
[32/40] pause-12 zfstack-bbr: ok (41s)
[33/40] idlehold-256 kernel-cubic: ok (64s)
[34/40] idlehold-256 smoltcp-cubic: ok (65s)
[35/40] idlehold-256 zfstack-cubic: ok (65s)
[36/40] idlehold-256 zfstack-bbr: ok (65s)
[37/40] churn-12 kernel-cubic: ok (61s)
[38/40] churn-12 smoltcp-cubic: ok (61s)
[39/40] churn-12 zfstack-cubic: ok (61s)
[40/40] churn-12 zfstack-bbr: ok (61s)
0 automatic findings
/workspace/bench/results/2026-09-27-soak-main664/report.md
