555 runs (37 cells x 5 stacks x 3 reps), estimated 169 min
[1/555] down_rtt12_loss0_q2_f1 kernel-cubic r0: ok (16s)
[2/555] down_rtt12_loss0_q2_f1 smoltcp-cubic r0: ok (16s)
[3/555] down_rtt12_loss0_q2_f1 smoltcp-bbr r0: ok (16s)
[4/555] down_rtt12_loss0_q2_f1 zfstack-cubic r0: ok (16s)
[5/555] down_rtt12_loss0_q2_f1 zfstack-bbr r0: ok (16s)
[6/555] down_rtt12_loss0_q2_f8 kernel-cubic r0: ok (16s)
[7/555] down_rtt12_loss0_q2_f8 smoltcp-cubic r0: ok (16s)
[8/555] down_rtt12_loss0_q2_f8 smoltcp-bbr r0: ok (16s)
[9/555] down_rtt12_loss0_q2_f8 zfstack-cubic r0: ok (16s)
[10/555] down_rtt12_loss0_q2_f8 zfstack-bbr r0: ok (16s)
[11/555] down_rtt12_loss0_q0.25_f1 kernel-cubic r0: ok (16s)
[12/555] down_rtt12_loss0_q0.25_f1 smoltcp-cubic r0: ok (16s)
[13/555] down_rtt12_loss0_q0.25_f1 smoltcp-bbr r0: ok (16s)
[14/555] down_rtt12_loss0_q0.25_f1 zfstack-cubic r0: ok (16s)
[15/555] down_rtt12_loss0_q0.25_f1 zfstack-bbr r0: ok (16s)
[16/555] down_rtt12_loss0_q0.25_f8 kernel-cubic r0: ok (16s)
[17/555] down_rtt12_loss0_q0.25_f8 smoltcp-cubic r0: ok (16s)
[18/555] down_rtt12_loss0_q0.25_f8 smoltcp-bbr r0: ok (16s)
[19/555] down_rtt12_loss0_q0.25_f8 zfstack-cubic r0: ok (16s)
[20/555] down_rtt12_loss0_q0.25_f8 zfstack-bbr r0: ok (16s)
[21/555] down_rtt12_loss0.01_q2_f1 kernel-cubic r0: ok (16s)
[22/555] down_rtt12_loss0.01_q2_f1 smoltcp-cubic r0: ok (16s)
[23/555] down_rtt12_loss0.01_q2_f1 smoltcp-bbr r0: ok (16s)
[24/555] down_rtt12_loss0.01_q2_f1 zfstack-cubic r0: ok (16s)
[25/555] down_rtt12_loss0.01_q2_f1 zfstack-bbr r0: ok (16s)
[26/555] down_rtt12_loss0.01_q2_f8 kernel-cubic r0: ok (17s)
[27/555] down_rtt12_loss0.01_q2_f8 smoltcp-cubic r0: ok (16s)
[28/555] down_rtt12_loss0.01_q2_f8 smoltcp-bbr r0: ok (16s)
[29/555] down_rtt12_loss0.01_q2_f8 zfstack-cubic r0: ok (16s)
[30/555] down_rtt12_loss0.01_q2_f8 zfstack-bbr r0: ok (16s)
[31/555] down_rtt12_loss0.01_q0.25_f1 kernel-cubic r0: ok (16s)
[32/555] down_rtt12_loss0.01_q0.25_f1 smoltcp-cubic r0: ok (16s)
[33/555] down_rtt12_loss0.01_q0.25_f1 smoltcp-bbr r0: ok (16s)
[34/555] down_rtt12_loss0.01_q0.25_f1 zfstack-cubic r0: ok (16s)
[35/555] down_rtt12_loss0.01_q0.25_f1 zfstack-bbr r0: ok (16s)
[36/555] down_rtt12_loss0.01_q0.25_f8 kernel-cubic r0: ok (16s)
[37/555] down_rtt12_loss0.01_q0.25_f8 smoltcp-cubic r0: ok (16s)
[38/555] down_rtt12_loss0.01_q0.25_f8 smoltcp-bbr r0: ok (16s)
[39/555] down_rtt12_loss0.01_q0.25_f8 zfstack-cubic r0: ok (16s)
[40/555] down_rtt12_loss0.01_q0.25_f8 zfstack-bbr r0: ok (16s)
[41/555] down_rtt80_loss0_q2_f1 kernel-cubic r0: ok (16s)
[42/555] down_rtt80_loss0_q2_f1 smoltcp-cubic r0: ok (16s)
[43/555] down_rtt80_loss0_q2_f1 smoltcp-bbr r0: ok (16s)
[44/555] down_rtt80_loss0_q2_f1 zfstack-cubic r0: ok (16s)
[45/555] down_rtt80_loss0_q2_f1 zfstack-bbr r0: ok (16s)
[46/555] down_rtt80_loss0_q2_f8 kernel-cubic r0: ok (16s)
[47/555] down_rtt80_loss0_q2_f8 smoltcp-cubic r0: ok (16s)
[48/555] down_rtt80_loss0_q2_f8 smoltcp-bbr r0: ok (16s)
[49/555] down_rtt80_loss0_q2_f8 zfstack-cubic r0: ok (16s)
[50/555] down_rtt80_loss0_q2_f8 zfstack-bbr r0: ok (16s)
[51/555] down_rtt80_loss0_q0.25_f1 kernel-cubic r0: ok (16s)
[52/555] down_rtt80_loss0_q0.25_f1 smoltcp-cubic r0: ok (16s)
[53/555] down_rtt80_loss0_q0.25_f1 smoltcp-bbr r0: ok (258s)
[54/555] down_rtt80_loss0_q0.25_f1 zfstack-cubic r0: ok (16s)
[55/555] down_rtt80_loss0_q0.25_f1 zfstack-bbr r0: ok (16s)
[56/555] down_rtt80_loss0_q0.25_f8 kernel-cubic r0: ok (16s)
[57/555] down_rtt80_loss0_q0.25_f8 smoltcp-cubic r0: ok (16s)
[58/555] down_rtt80_loss0_q0.25_f8 smoltcp-bbr r0: ok (16s)
[59/555] down_rtt80_loss0_q0.25_f8 zfstack-cubic r0: ok (16s)
[60/555] down_rtt80_loss0_q0.25_f8 zfstack-bbr r0: ok (16s)
[61/555] down_rtt80_loss0.01_q2_f1 kernel-cubic r0: ok (16s)
[62/555] down_rtt80_loss0.01_q2_f1 smoltcp-cubic r0: ok (16s)
[63/555] down_rtt80_loss0.01_q2_f1 smoltcp-bbr r0: ok (16s)
[64/555] down_rtt80_loss0.01_q2_f1 zfstack-cubic r0: ok (16s)
[65/555] down_rtt80_loss0.01_q2_f1 zfstack-bbr r0: ok (16s)
[66/555] down_rtt80_loss0.01_q2_f8 kernel-cubic r0: ok (16s)
[67/555] down_rtt80_loss0.01_q2_f8 smoltcp-cubic r0: ok (16s)
[68/555] down_rtt80_loss0.01_q2_f8 smoltcp-bbr r0: ok (16s)
[69/555] down_rtt80_loss0.01_q2_f8 zfstack-cubic r0: ok (16s)
[70/555] down_rtt80_loss0.01_q2_f8 zfstack-bbr r0: ok (16s)
[71/555] down_rtt80_loss0.01_q0.25_f1 kernel-cubic r0: ok (16s)
[72/555] down_rtt80_loss0.01_q0.25_f1 smoltcp-cubic r0: ok (16s)
[73/555] down_rtt80_loss0.01_q0.25_f1 smoltcp-bbr r0: ok (16s)
[74/555] down_rtt80_loss0.01_q0.25_f1 zfstack-cubic r0: ok (16s)
[75/555] down_rtt80_loss0.01_q0.25_f1 zfstack-bbr r0: ok (16s)
[76/555] down_rtt80_loss0.01_q0.25_f8 kernel-cubic r0: ok (16s)
[77/555] down_rtt80_loss0.01_q0.25_f8 smoltcp-cubic r0: ok (16s)
[78/555] down_rtt80_loss0.01_q0.25_f8 smoltcp-bbr r0: ok (16s)
[79/555] down_rtt80_loss0.01_q0.25_f8 zfstack-cubic r0: ok (16s)
[80/555] down_rtt80_loss0.01_q0.25_f8 zfstack-bbr r0: ok (16s)
[81/555] up_rtt12_loss0_q2_f1 kernel-cubic r0: ok (16s)
[82/555] up_rtt12_loss0_q2_f1 smoltcp-cubic r0: ok (16s)
[83/555] up_rtt12_loss0_q2_f1 smoltcp-bbr r0: ok (16s)
[84/555] up_rtt12_loss0_q2_f1 zfstack-cubic r0: ok (16s)
[85/555] up_rtt12_loss0_q2_f1 zfstack-bbr r0: ok (16s)
[86/555] up_rtt12_loss0_q2_f8 kernel-cubic r0: ok (16s)
[87/555] up_rtt12_loss0_q2_f8 smoltcp-cubic r0: ok (16s)
[88/555] up_rtt12_loss0_q2_f8 smoltcp-bbr r0: ok (16s)
[89/555] up_rtt12_loss0_q2_f8 zfstack-cubic r0: ok (16s)
[90/555] up_rtt12_loss0_q2_f8 zfstack-bbr r0: ok (16s)
[91/555] up_rtt12_loss0_q0.25_f1 kernel-cubic r0: ok (16s)
[92/555] up_rtt12_loss0_q0.25_f1 smoltcp-cubic r0: ok (16s)
[93/555] up_rtt12_loss0_q0.25_f1 smoltcp-bbr r0: ok (16s)
[94/555] up_rtt12_loss0_q0.25_f1 zfstack-cubic r0: ok (16s)
[95/555] up_rtt12_loss0_q0.25_f1 zfstack-bbr r0: ok (16s)
[96/555] up_rtt12_loss0_q0.25_f8 kernel-cubic r0: ok (16s)
[97/555] up_rtt12_loss0_q0.25_f8 smoltcp-cubic r0: ok (16s)
[98/555] up_rtt12_loss0_q0.25_f8 smoltcp-bbr r0: ok (16s)
[99/555] up_rtt12_loss0_q0.25_f8 zfstack-cubic r0: ok (16s)
[100/555] up_rtt12_loss0_q0.25_f8 zfstack-bbr r0: ok (16s)
[101/555] up_rtt12_loss0.01_q2_f1 kernel-cubic r0: ok (16s)
[102/555] up_rtt12_loss0.01_q2_f1 smoltcp-cubic r0: ok (16s)
[103/555] up_rtt12_loss0.01_q2_f1 smoltcp-bbr r0: ok (16s)
[104/555] up_rtt12_loss0.01_q2_f1 zfstack-cubic r0: ok (16s)
[105/555] up_rtt12_loss0.01_q2_f1 zfstack-bbr r0: ok (16s)
[106/555] up_rtt12_loss0.01_q2_f8 kernel-cubic r0: ok (16s)
[107/555] up_rtt12_loss0.01_q2_f8 smoltcp-cubic r0: ok (16s)
[108/555] up_rtt12_loss0.01_q2_f8 smoltcp-bbr r0: ok (16s)
[109/555] up_rtt12_loss0.01_q2_f8 zfstack-cubic r0: ok (16s)
[110/555] up_rtt12_loss0.01_q2_f8 zfstack-bbr r0: ok (16s)
[111/555] up_rtt12_loss0.01_q0.25_f1 kernel-cubic r0: ok (16s)
[112/555] up_rtt12_loss0.01_q0.25_f1 smoltcp-cubic r0: ok (16s)
[113/555] up_rtt12_loss0.01_q0.25_f1 smoltcp-bbr r0: ok (16s)
[114/555] up_rtt12_loss0.01_q0.25_f1 zfstack-cubic r0: ok (16s)
[115/555] up_rtt12_loss0.01_q0.25_f1 zfstack-bbr r0: ok (16s)
[116/555] up_rtt12_loss0.01_q0.25_f8 kernel-cubic r0: ok (16s)
[117/555] up_rtt12_loss0.01_q0.25_f8 smoltcp-cubic r0: ok (16s)
[118/555] up_rtt12_loss0.01_q0.25_f8 smoltcp-bbr r0: ok (16s)
[119/555] up_rtt12_loss0.01_q0.25_f8 zfstack-cubic r0: ok (16s)
[120/555] up_rtt12_loss0.01_q0.25_f8 zfstack-bbr r0: ok (16s)
[121/555] up_rtt80_loss0_q2_f1 kernel-cubic r0: ok (16s)
[122/555] up_rtt80_loss0_q2_f1 smoltcp-cubic r0: ok (16s)
[123/555] up_rtt80_loss0_q2_f1 smoltcp-bbr r0: ok (16s)
[124/555] up_rtt80_loss0_q2_f1 zfstack-cubic r0: ok (16s)
[125/555] up_rtt80_loss0_q2_f1 zfstack-bbr r0: ok (16s)
[126/555] up_rtt80_loss0_q2_f8 kernel-cubic r0: ok (17s)
[127/555] up_rtt80_loss0_q2_f8 smoltcp-cubic r0: ok (17s)
[128/555] up_rtt80_loss0_q2_f8 smoltcp-bbr r0: ok (17s)
[129/555] up_rtt80_loss0_q2_f8 zfstack-cubic r0: ok (17s)
[130/555] up_rtt80_loss0_q2_f8 zfstack-bbr r0: ok (17s)
[131/555] up_rtt80_loss0_q0.25_f1 kernel-cubic r0: ok (16s)
[132/555] up_rtt80_loss0_q0.25_f1 smoltcp-cubic r0: ok (16s)
[133/555] up_rtt80_loss0_q0.25_f1 smoltcp-bbr r0: ok (16s)
[134/555] up_rtt80_loss0_q0.25_f1 zfstack-cubic r0: ok (16s)
[135/555] up_rtt80_loss0_q0.25_f1 zfstack-bbr r0: ok (16s)
[136/555] up_rtt80_loss0_q0.25_f8 kernel-cubic r0: ok (17s)
[137/555] up_rtt80_loss0_q0.25_f8 smoltcp-cubic r0: ok (17s)
[138/555] up_rtt80_loss0_q0.25_f8 smoltcp-bbr r0: ok (17s)
[139/555] up_rtt80_loss0_q0.25_f8 zfstack-cubic r0: ok (17s)
[140/555] up_rtt80_loss0_q0.25_f8 zfstack-bbr r0: ok (17s)
[141/555] up_rtt80_loss0.01_q2_f1 kernel-cubic r0: ok (16s)
[142/555] up_rtt80_loss0.01_q2_f1 smoltcp-cubic r0: ok (16s)
[143/555] up_rtt80_loss0.01_q2_f1 smoltcp-bbr r0: ok (16s)
[144/555] up_rtt80_loss0.01_q2_f1 zfstack-cubic r0: ok (16s)
[145/555] up_rtt80_loss0.01_q2_f1 zfstack-bbr r0: ok (16s)
[146/555] up_rtt80_loss0.01_q2_f8 kernel-cubic r0: ok (26s)
[147/555] up_rtt80_loss0.01_q2_f8 smoltcp-cubic r0: ok (24s)
[148/555] up_rtt80_loss0.01_q2_f8 smoltcp-bbr r0: ok (24s)
[149/555] up_rtt80_loss0.01_q2_f8 zfstack-cubic r0: ok (23s)
[150/555] up_rtt80_loss0.01_q2_f8 zfstack-bbr r0: ok (23s)
[151/555] up_rtt80_loss0.01_q0.25_f1 kernel-cubic r0: ok (16s)
[152/555] up_rtt80_loss0.01_q0.25_f1 smoltcp-cubic r0: ok (16s)
[153/555] up_rtt80_loss0.01_q0.25_f1 smoltcp-bbr r0: ok (16s)
[154/555] up_rtt80_loss0.01_q0.25_f1 zfstack-cubic r0: ok (16s)
[155/555] up_rtt80_loss0.01_q0.25_f1 zfstack-bbr r0: ok (16s)
[156/555] up_rtt80_loss0.01_q0.25_f8 kernel-cubic r0: ok (22s)
[157/555] up_rtt80_loss0.01_q0.25_f8 smoltcp-cubic r0: ok (22s)
[158/555] up_rtt80_loss0.01_q0.25_f8 smoltcp-bbr r0: ok (21s)
[159/555] up_rtt80_loss0.01_q0.25_f8 zfstack-cubic r0: ok (22s)
[160/555] up_rtt80_loss0.01_q0.25_f8 zfstack-bbr r0: ok (22s)
[161/555] mixed_rtt12_loss0_q2_f1 kernel-cubic r0: ok (19s)
[162/555] mixed_rtt12_loss0_q2_f1 smoltcp-cubic r0: ok (19s)
[163/555] mixed_rtt12_loss0_q2_f1 smoltcp-bbr r0: ok (19s)
[164/555] mixed_rtt12_loss0_q2_f1 zfstack-cubic r0: ok (19s)
[165/555] mixed_rtt12_loss0_q2_f1 zfstack-bbr r0: ok (19s)
[166/555] mixed_rtt12_loss0_q0.25_f1 kernel-cubic r0: ok (19s)
[167/555] mixed_rtt12_loss0_q0.25_f1 smoltcp-cubic r0: ok (19s)
[168/555] mixed_rtt12_loss0_q0.25_f1 smoltcp-bbr r0: ok (19s)
[169/555] mixed_rtt12_loss0_q0.25_f1 zfstack-cubic r0: ok (19s)
[170/555] mixed_rtt12_loss0_q0.25_f1 zfstack-bbr r0: ok (19s)
[171/555] mixed_rtt80_loss0_q2_f1 kernel-cubic r0: ok (19s)
[172/555] mixed_rtt80_loss0_q2_f1 smoltcp-cubic r0: ok (19s)
[173/555] mixed_rtt80_loss0_q2_f1 smoltcp-bbr r0: ok (19s)
[174/555] mixed_rtt80_loss0_q2_f1 zfstack-cubic r0: ok (19s)
[175/555] mixed_rtt80_loss0_q2_f1 zfstack-bbr r0: ok (19s)
[176/555] mixed_rtt80_loss0_q0.25_f1 kernel-cubic r0: ok (19s)
[177/555] mixed_rtt80_loss0_q0.25_f1 smoltcp-cubic r0: ok (19s)
[178/555] mixed_rtt80_loss0_q0.25_f1 smoltcp-bbr r0: ok (19s)
[179/555] mixed_rtt80_loss0_q0.25_f1 zfstack-cubic r0: ok (19s)
[180/555] mixed_rtt80_loss0_q0.25_f1 zfstack-bbr r0: ok (19s)
[181/555] connect_rtt12_loss0_q2_f1 kernel-cubic r0: ok (1s)
[182/555] connect_rtt12_loss0_q2_f1 smoltcp-cubic r0: ok (2s)
[183/555] connect_rtt12_loss0_q2_f1 smoltcp-bbr r0: ok (2s)
[184/555] connect_rtt12_loss0_q2_f1 zfstack-cubic r0: ok (1s)
[185/555] connect_rtt12_loss0_q2_f1 zfstack-bbr r0: ok (1s)
[186/555] down_rtt12_loss0_q2_f1 kernel-cubic r1: ok (16s)
[187/555] down_rtt12_loss0_q2_f1 smoltcp-cubic r1: ok (16s)
[188/555] down_rtt12_loss0_q2_f1 smoltcp-bbr r1: ok (16s)
[189/555] down_rtt12_loss0_q2_f1 zfstack-cubic r1: ok (16s)
[190/555] down_rtt12_loss0_q2_f1 zfstack-bbr r1: ok (16s)
[191/555] down_rtt12_loss0_q2_f8 kernel-cubic r1: ok (16s)
[192/555] down_rtt12_loss0_q2_f8 smoltcp-cubic r1: ok (16s)
[193/555] down_rtt12_loss0_q2_f8 smoltcp-bbr r1: ok (16s)
[194/555] down_rtt12_loss0_q2_f8 zfstack-cubic r1: ok (16s)
[195/555] down_rtt12_loss0_q2_f8 zfstack-bbr r1: ok (16s)
[196/555] down_rtt12_loss0_q0.25_f1 kernel-cubic r1: ok (16s)
[197/555] down_rtt12_loss0_q0.25_f1 smoltcp-cubic r1: ok (16s)
[198/555] down_rtt12_loss0_q0.25_f1 smoltcp-bbr r1: ok (16s)
[199/555] down_rtt12_loss0_q0.25_f1 zfstack-cubic r1: ok (16s)
[200/555] down_rtt12_loss0_q0.25_f1 zfstack-bbr r1: ok (16s)
[201/555] down_rtt12_loss0_q0.25_f8 kernel-cubic r1: ok (16s)
[202/555] down_rtt12_loss0_q0.25_f8 smoltcp-cubic r1: ok (16s)
[203/555] down_rtt12_loss0_q0.25_f8 smoltcp-bbr r1: ok (16s)
[204/555] down_rtt12_loss0_q0.25_f8 zfstack-cubic r1: ok (16s)
[205/555] down_rtt12_loss0_q0.25_f8 zfstack-bbr r1: ok (16s)
[206/555] down_rtt12_loss0.01_q2_f1 kernel-cubic r1: ok (16s)
[207/555] down_rtt12_loss0.01_q2_f1 smoltcp-cubic r1: ok (16s)
[208/555] down_rtt12_loss0.01_q2_f1 smoltcp-bbr r1: ok (16s)
[209/555] down_rtt12_loss0.01_q2_f1 zfstack-cubic r1: ok (16s)
[210/555] down_rtt12_loss0.01_q2_f1 zfstack-bbr r1: ok (16s)
[211/555] down_rtt12_loss0.01_q2_f8 kernel-cubic r1: ok (16s)
[212/555] down_rtt12_loss0.01_q2_f8 smoltcp-cubic r1: ok (16s)
[213/555] down_rtt12_loss0.01_q2_f8 smoltcp-bbr r1: ok (16s)
[214/555] down_rtt12_loss0.01_q2_f8 zfstack-cubic r1: ok (16s)
[215/555] down_rtt12_loss0.01_q2_f8 zfstack-bbr r1: ok (16s)
[216/555] down_rtt12_loss0.01_q0.25_f1 kernel-cubic r1: ok (16s)
[217/555] down_rtt12_loss0.01_q0.25_f1 smoltcp-cubic r1: ok (16s)
[218/555] down_rtt12_loss0.01_q0.25_f1 smoltcp-bbr r1: ok (617s)
[219/555] down_rtt12_loss0.01_q0.25_f1 zfstack-cubic r1: ok (16s)
[220/555] down_rtt12_loss0.01_q0.25_f1 zfstack-bbr r1: ok (16s)
[221/555] down_rtt12_loss0.01_q0.25_f8 kernel-cubic r1: ok (16s)
[222/555] down_rtt12_loss0.01_q0.25_f8 smoltcp-cubic r1: ok (16s)
[223/555] down_rtt12_loss0.01_q0.25_f8 smoltcp-bbr r1: ok (16s)
[224/555] down_rtt12_loss0.01_q0.25_f8 zfstack-cubic r1: ok (16s)
[225/555] down_rtt12_loss0.01_q0.25_f8 zfstack-bbr r1: ok (16s)
[226/555] down_rtt80_loss0_q2_f1 kernel-cubic r1: ok (16s)
[227/555] down_rtt80_loss0_q2_f1 smoltcp-cubic r1: ok (16s)
[228/555] down_rtt80_loss0_q2_f1 smoltcp-bbr r1: ok (16s)
[229/555] down_rtt80_loss0_q2_f1 zfstack-cubic r1: ok (16s)
[230/555] down_rtt80_loss0_q2_f1 zfstack-bbr r1: ok (16s)
[231/555] down_rtt80_loss0_q2_f8 kernel-cubic r1: ok (16s)
[232/555] down_rtt80_loss0_q2_f8 smoltcp-cubic r1: ok (16s)
[233/555] down_rtt80_loss0_q2_f8 smoltcp-bbr r1: ok (16s)
[234/555] down_rtt80_loss0_q2_f8 zfstack-cubic r1: ok (16s)
[235/555] down_rtt80_loss0_q2_f8 zfstack-bbr r1: ok (16s)
[236/555] down_rtt80_loss0_q0.25_f1 kernel-cubic r1: ok (16s)
[237/555] down_rtt80_loss0_q0.25_f1 smoltcp-cubic r1: ok (16s)
[238/555] down_rtt80_loss0_q0.25_f1 smoltcp-bbr r1: ok (16s)
[239/555] down_rtt80_loss0_q0.25_f1 zfstack-cubic r1: ok (16s)
[240/555] down_rtt80_loss0_q0.25_f1 zfstack-bbr r1: ok (16s)
[241/555] down_rtt80_loss0_q0.25_f8 kernel-cubic r1: ok (16s)
[242/555] down_rtt80_loss0_q0.25_f8 smoltcp-cubic r1: ok (16s)
[243/555] down_rtt80_loss0_q0.25_f8 smoltcp-bbr r1: ok (16s)
[244/555] down_rtt80_loss0_q0.25_f8 zfstack-cubic r1: ok (16s)
[245/555] down_rtt80_loss0_q0.25_f8 zfstack-bbr r1: ok (16s)
[246/555] down_rtt80_loss0.01_q2_f1 kernel-cubic r1: ok (16s)
[247/555] down_rtt80_loss0.01_q2_f1 smoltcp-cubic r1: ok (16s)
[248/555] down_rtt80_loss0.01_q2_f1 smoltcp-bbr r1: ok (16s)
[249/555] down_rtt80_loss0.01_q2_f1 zfstack-cubic r1: ok (16s)
[250/555] down_rtt80_loss0.01_q2_f1 zfstack-bbr r1: ok (16s)
[251/555] down_rtt80_loss0.01_q2_f8 kernel-cubic r1: ok (16s)
[252/555] down_rtt80_loss0.01_q2_f8 smoltcp-cubic r1: ok (16s)
[253/555] down_rtt80_loss0.01_q2_f8 smoltcp-bbr r1: ok (16s)
[254/555] down_rtt80_loss0.01_q2_f8 zfstack-cubic r1: ok (16s)
[255/555] down_rtt80_loss0.01_q2_f8 zfstack-bbr r1: ok (16s)
[256/555] down_rtt80_loss0.01_q0.25_f1 kernel-cubic r1: ok (16s)
[257/555] down_rtt80_loss0.01_q0.25_f1 smoltcp-cubic r1: ok (16s)
[258/555] down_rtt80_loss0.01_q0.25_f1 smoltcp-bbr r1: ok (16s)
[259/555] down_rtt80_loss0.01_q0.25_f1 zfstack-cubic r1: ok (16s)
[260/555] down_rtt80_loss0.01_q0.25_f1 zfstack-bbr r1: ok (16s)
[261/555] down_rtt80_loss0.01_q0.25_f8 kernel-cubic r1: ok (16s)
[262/555] down_rtt80_loss0.01_q0.25_f8 smoltcp-cubic r1: ok (16s)
[263/555] down_rtt80_loss0.01_q0.25_f8 smoltcp-bbr r1: ok (16s)
[264/555] down_rtt80_loss0.01_q0.25_f8 zfstack-cubic r1: ok (16s)
[265/555] down_rtt80_loss0.01_q0.25_f8 zfstack-bbr r1: ok (16s)
[266/555] up_rtt12_loss0_q2_f1 kernel-cubic r1: ok (16s)
[267/555] up_rtt12_loss0_q2_f1 smoltcp-cubic r1: ok (16s)
[268/555] up_rtt12_loss0_q2_f1 smoltcp-bbr r1: ok (16s)
[269/555] up_rtt12_loss0_q2_f1 zfstack-cubic r1: ok (16s)
[270/555] up_rtt12_loss0_q2_f1 zfstack-bbr r1: ok (16s)
[271/555] up_rtt12_loss0_q2_f8 kernel-cubic r1: ok (16s)
[272/555] up_rtt12_loss0_q2_f8 smoltcp-cubic r1: ok (16s)
[273/555] up_rtt12_loss0_q2_f8 smoltcp-bbr r1: ok (16s)
[274/555] up_rtt12_loss0_q2_f8 zfstack-cubic r1: ok (16s)
[275/555] up_rtt12_loss0_q2_f8 zfstack-bbr r1: ok (16s)
[276/555] up_rtt12_loss0_q0.25_f1 kernel-cubic r1: ok (163s)
[277/555] up_rtt12_loss0_q0.25_f1 smoltcp-cubic r1: ok (16s)
[278/555] up_rtt12_loss0_q0.25_f1 smoltcp-bbr r1: ok (16s)
[279/555] up_rtt12_loss0_q0.25_f1 zfstack-cubic r1: ok (16s)
[280/555] up_rtt12_loss0_q0.25_f1 zfstack-bbr r1: ok (16s)
[281/555] up_rtt12_loss0_q0.25_f8 kernel-cubic r1: ok (16s)
[282/555] up_rtt12_loss0_q0.25_f8 smoltcp-cubic r1: ok (16s)
[283/555] up_rtt12_loss0_q0.25_f8 smoltcp-bbr r1: ok (16s)
[284/555] up_rtt12_loss0_q0.25_f8 zfstack-cubic r1: ok (16s)
[285/555] up_rtt12_loss0_q0.25_f8 zfstack-bbr r1: ok (16s)
[286/555] up_rtt12_loss0.01_q2_f1 kernel-cubic r1: ok (16s)
[287/555] up_rtt12_loss0.01_q2_f1 smoltcp-cubic r1: ok (17s)
[288/555] up_rtt12_loss0.01_q2_f1 smoltcp-bbr r1: ok (17s)
[289/555] up_rtt12_loss0.01_q2_f1 zfstack-cubic r1: ok (17s)
[290/555] up_rtt12_loss0.01_q2_f1 zfstack-bbr r1: ok (17s)
[291/555] up_rtt12_loss0.01_q2_f8 kernel-cubic r1: ok (16s)
[292/555] up_rtt12_loss0.01_q2_f8 smoltcp-cubic r1: ok (16s)
[293/555] up_rtt12_loss0.01_q2_f8 smoltcp-bbr r1: ok (16s)
[294/555] up_rtt12_loss0.01_q2_f8 zfstack-cubic r1: ok (16s)
[295/555] up_rtt12_loss0.01_q2_f8 zfstack-bbr r1: ok (16s)
[296/555] up_rtt12_loss0.01_q0.25_f1 kernel-cubic r1: ok (16s)
[297/555] up_rtt12_loss0.01_q0.25_f1 smoltcp-cubic r1: ok (17s)
[298/555] up_rtt12_loss0.01_q0.25_f1 smoltcp-bbr r1: ok (17s)
[299/555] up_rtt12_loss0.01_q0.25_f1 zfstack-cubic r1: ok (16s)
[300/555] up_rtt12_loss0.01_q0.25_f1 zfstack-bbr r1: ok (16s)
[301/555] up_rtt12_loss0.01_q0.25_f8 kernel-cubic r1: ok (16s)
[302/555] up_rtt12_loss0.01_q0.25_f8 smoltcp-cubic r1: ok (16s)
[303/555] up_rtt12_loss0.01_q0.25_f8 smoltcp-bbr r1: ok (16s)
[304/555] up_rtt12_loss0.01_q0.25_f8 zfstack-cubic r1: ok (17s)
[305/555] up_rtt12_loss0.01_q0.25_f8 zfstack-bbr r1: ok (16s)
[306/555] up_rtt80_loss0_q2_f1 kernel-cubic r1: ok (16s)
[307/555] up_rtt80_loss0_q2_f1 smoltcp-cubic r1: ok (16s)
[308/555] up_rtt80_loss0_q2_f1 smoltcp-bbr r1: ok (16s)
[309/555] up_rtt80_loss0_q2_f1 zfstack-cubic r1: ok (16s)
[310/555] up_rtt80_loss0_q2_f1 zfstack-bbr r1: ok (16s)
[311/555] up_rtt80_loss0_q2_f8 kernel-cubic r1: ok (17s)
[312/555] up_rtt80_loss0_q2_f8 smoltcp-cubic r1: ok (17s)
[313/555] up_rtt80_loss0_q2_f8 smoltcp-bbr r1: ok (17s)
[314/555] up_rtt80_loss0_q2_f8 zfstack-cubic r1: ok (17s)
[315/555] up_rtt80_loss0_q2_f8 zfstack-bbr r1: ok (17s)
[316/555] up_rtt80_loss0_q0.25_f1 kernel-cubic r1: ok (16s)
[317/555] up_rtt80_loss0_q0.25_f1 smoltcp-cubic r1: ok (16s)
[318/555] up_rtt80_loss0_q0.25_f1 smoltcp-bbr r1: ok (16s)
[319/555] up_rtt80_loss0_q0.25_f1 zfstack-cubic r1: ok (16s)
[320/555] up_rtt80_loss0_q0.25_f1 zfstack-bbr r1: ok (16s)
[321/555] up_rtt80_loss0_q0.25_f8 kernel-cubic r1: ok (17s)
[322/555] up_rtt80_loss0_q0.25_f8 smoltcp-cubic r1: ok (17s)
[323/555] up_rtt80_loss0_q0.25_f8 smoltcp-bbr r1: ok (17s)
[324/555] up_rtt80_loss0_q0.25_f8 zfstack-cubic r1: ok (17s)
[325/555] up_rtt80_loss0_q0.25_f8 zfstack-bbr r1: ok (17s)
[326/555] up_rtt80_loss0.01_q2_f1 kernel-cubic r1: ok (23s)
[327/555] up_rtt80_loss0.01_q2_f1 smoltcp-cubic r1: ok (23s)
[328/555] up_rtt80_loss0.01_q2_f1 smoltcp-bbr r1: ok (23s)
[329/555] up_rtt80_loss0.01_q2_f1 zfstack-cubic r1: ok (24s)
[330/555] up_rtt80_loss0.01_q2_f1 zfstack-bbr r1: ok (168s)
[331/555] up_rtt80_loss0.01_q2_f8 kernel-cubic r1: ok (21s)
[332/555] up_rtt80_loss0.01_q2_f8 smoltcp-cubic r1: ok (21s)
[333/555] up_rtt80_loss0.01_q2_f8 smoltcp-bbr r1: ok (27s)
[334/555] up_rtt80_loss0.01_q2_f8 zfstack-cubic r1: ok (21s)
[335/555] up_rtt80_loss0.01_q2_f8 zfstack-bbr r1: ok (26s)
[336/555] up_rtt80_loss0.01_q0.25_f1 kernel-cubic r1: ok (23s)
[337/555] up_rtt80_loss0.01_q0.25_f1 smoltcp-cubic r1: ok (23s)
[338/555] up_rtt80_loss0.01_q0.25_f1 smoltcp-bbr r1: ok (23s)
[339/555] up_rtt80_loss0.01_q0.25_f1 zfstack-cubic r1: ok (24s)
[340/555] up_rtt80_loss0.01_q0.25_f1 zfstack-bbr r1: ok (24s)
[341/555] up_rtt80_loss0.01_q0.25_f8 kernel-cubic r1: ok (35s)
[342/555] up_rtt80_loss0.01_q0.25_f8 smoltcp-cubic r1: ok (27s)
[343/555] up_rtt80_loss0.01_q0.25_f8 smoltcp-bbr r1: ok (23s)
[344/555] up_rtt80_loss0.01_q0.25_f8 zfstack-cubic r1: ok (25s)
[345/555] up_rtt80_loss0.01_q0.25_f8 zfstack-bbr r1: ok (25s)
[346/555] mixed_rtt12_loss0_q2_f1 kernel-cubic r1: ok (19s)
[347/555] mixed_rtt12_loss0_q2_f1 smoltcp-cubic r1: ok (19s)
[348/555] mixed_rtt12_loss0_q2_f1 smoltcp-bbr r1: ok (19s)
[349/555] mixed_rtt12_loss0_q2_f1 zfstack-cubic r1: ok (19s)
[350/555] mixed_rtt12_loss0_q2_f1 zfstack-bbr r1: ok (19s)
[351/555] mixed_rtt12_loss0_q0.25_f1 kernel-cubic r1: ok (19s)
[352/555] mixed_rtt12_loss0_q0.25_f1 smoltcp-cubic r1: ok (19s)
[353/555] mixed_rtt12_loss0_q0.25_f1 smoltcp-bbr r1: ok (19s)
[354/555] mixed_rtt12_loss0_q0.25_f1 zfstack-cubic r1: ok (19s)
[355/555] mixed_rtt12_loss0_q0.25_f1 zfstack-bbr r1: ok (19s)
[356/555] mixed_rtt80_loss0_q2_f1 kernel-cubic r1: ok (19s)
[357/555] mixed_rtt80_loss0_q2_f1 smoltcp-cubic r1: ok (19s)
[358/555] mixed_rtt80_loss0_q2_f1 smoltcp-bbr r1: ok (19s)
[359/555] mixed_rtt80_loss0_q2_f1 zfstack-cubic r1: ok (19s)
[360/555] mixed_rtt80_loss0_q2_f1 zfstack-bbr r1: ok (19s)
[361/555] mixed_rtt80_loss0_q0.25_f1 kernel-cubic r1: ok (19s)
[362/555] mixed_rtt80_loss0_q0.25_f1 smoltcp-cubic r1: ok (19s)
[363/555] mixed_rtt80_loss0_q0.25_f1 smoltcp-bbr r1: ok (19s)
[364/555] mixed_rtt80_loss0_q0.25_f1 zfstack-cubic r1: ok (19s)
[365/555] mixed_rtt80_loss0_q0.25_f1 zfstack-bbr r1: ok (19s)
[366/555] connect_rtt12_loss0_q2_f1 kernel-cubic r1: ok (1s)
[367/555] connect_rtt12_loss0_q2_f1 smoltcp-cubic r1: ok (2s)
[368/555] connect_rtt12_loss0_q2_f1 smoltcp-bbr r1: ok (2s)
[369/555] connect_rtt12_loss0_q2_f1 zfstack-cubic r1: ok (1s)
[370/555] connect_rtt12_loss0_q2_f1 zfstack-bbr r1: ok (1s)
[371/555] down_rtt12_loss0_q2_f1 kernel-cubic r2: ok (16s)
[372/555] down_rtt12_loss0_q2_f1 smoltcp-cubic r2: ok (16s)
[373/555] down_rtt12_loss0_q2_f1 smoltcp-bbr r2: ok (16s)
[374/555] down_rtt12_loss0_q2_f1 zfstack-cubic r2: ok (16s)
[375/555] down_rtt12_loss0_q2_f1 zfstack-bbr r2: ok (16s)
[376/555] down_rtt12_loss0_q2_f8 kernel-cubic r2: ok (16s)
[377/555] down_rtt12_loss0_q2_f8 smoltcp-cubic r2: ok (16s)
[378/555] down_rtt12_loss0_q2_f8 smoltcp-bbr r2: ok (16s)
[379/555] down_rtt12_loss0_q2_f8 zfstack-cubic r2: ok (165s)
[380/555] down_rtt12_loss0_q2_f8 zfstack-bbr r2: ok (16s)
[381/555] down_rtt12_loss0_q0.25_f1 kernel-cubic r2: ok (16s)
[382/555] down_rtt12_loss0_q0.25_f1 smoltcp-cubic r2: ok (16s)
[383/555] down_rtt12_loss0_q0.25_f1 smoltcp-bbr r2: ok (16s)
[384/555] down_rtt12_loss0_q0.25_f1 zfstack-cubic r2: ok (16s)
[385/555] down_rtt12_loss0_q0.25_f1 zfstack-bbr r2: ok (16s)
[386/555] down_rtt12_loss0_q0.25_f8 kernel-cubic r2: ok (16s)
[387/555] down_rtt12_loss0_q0.25_f8 smoltcp-cubic r2: ok (16s)
[388/555] down_rtt12_loss0_q0.25_f8 smoltcp-bbr r2: ok (16s)
[389/555] down_rtt12_loss0_q0.25_f8 zfstack-cubic r2: ok (16s)
[390/555] down_rtt12_loss0_q0.25_f8 zfstack-bbr r2: ok (16s)
[391/555] down_rtt12_loss0.01_q2_f1 kernel-cubic r2: ok (16s)
[392/555] down_rtt12_loss0.01_q2_f1 smoltcp-cubic r2: ok (16s)
[393/555] down_rtt12_loss0.01_q2_f1 smoltcp-bbr r2: ok (16s)
[394/555] down_rtt12_loss0.01_q2_f1 zfstack-cubic r2: ok (16s)
[395/555] down_rtt12_loss0.01_q2_f1 zfstack-bbr r2: ok (16s)
[396/555] down_rtt12_loss0.01_q2_f8 kernel-cubic r2: ok (16s)
[397/555] down_rtt12_loss0.01_q2_f8 smoltcp-cubic r2: ok (16s)
[398/555] down_rtt12_loss0.01_q2_f8 smoltcp-bbr r2: ok (16s)
[399/555] down_rtt12_loss0.01_q2_f8 zfstack-cubic r2: ok (16s)
[400/555] down_rtt12_loss0.01_q2_f8 zfstack-bbr r2: ok (16s)
[401/555] down_rtt12_loss0.01_q0.25_f1 kernel-cubic r2: ok (16s)
[402/555] down_rtt12_loss0.01_q0.25_f1 smoltcp-cubic r2: ok (16s)
[403/555] down_rtt12_loss0.01_q0.25_f1 smoltcp-bbr r2: ok (16s)
[404/555] down_rtt12_loss0.01_q0.25_f1 zfstack-cubic r2: ok (16s)
[405/555] down_rtt12_loss0.01_q0.25_f1 zfstack-bbr r2: ok (16s)
[406/555] down_rtt12_loss0.01_q0.25_f8 kernel-cubic r2: ok (16s)
[407/555] down_rtt12_loss0.01_q0.25_f8 smoltcp-cubic r2: ok (16s)
[408/555] down_rtt12_loss0.01_q0.25_f8 smoltcp-bbr r2: ok (16s)
[409/555] down_rtt12_loss0.01_q0.25_f8 zfstack-cubic r2: ok (16s)
[410/555] down_rtt12_loss0.01_q0.25_f8 zfstack-bbr r2: ok (16s)
[411/555] down_rtt80_loss0_q2_f1 kernel-cubic r2: ok (16s)
[412/555] down_rtt80_loss0_q2_f1 smoltcp-cubic r2: ok (16s)
[413/555] down_rtt80_loss0_q2_f1 smoltcp-bbr r2: ok (16s)
[414/555] down_rtt80_loss0_q2_f1 zfstack-cubic r2: ok (16s)
[415/555] down_rtt80_loss0_q2_f1 zfstack-bbr r2: ok (16s)
[416/555] down_rtt80_loss0_q2_f8 kernel-cubic r2: ok (16s)
[417/555] down_rtt80_loss0_q2_f8 smoltcp-cubic r2: ok (16s)
[418/555] down_rtt80_loss0_q2_f8 smoltcp-bbr r2: ok (16s)
[419/555] down_rtt80_loss0_q2_f8 zfstack-cubic r2: ok (16s)
[420/555] down_rtt80_loss0_q2_f8 zfstack-bbr r2: ok (16s)
[421/555] down_rtt80_loss0_q0.25_f1 kernel-cubic r2: ok (16s)
[422/555] down_rtt80_loss0_q0.25_f1 smoltcp-cubic r2: ok (16s)
[423/555] down_rtt80_loss0_q0.25_f1 smoltcp-bbr r2: ok (16s)
[424/555] down_rtt80_loss0_q0.25_f1 zfstack-cubic r2: ok (16s)
[425/555] down_rtt80_loss0_q0.25_f1 zfstack-bbr r2: ok (16s)
[426/555] down_rtt80_loss0_q0.25_f8 kernel-cubic r2: ok (16s)
[427/555] down_rtt80_loss0_q0.25_f8 smoltcp-cubic r2: ok (16s)
[428/555] down_rtt80_loss0_q0.25_f8 smoltcp-bbr r2: ok (16s)
[429/555] down_rtt80_loss0_q0.25_f8 zfstack-cubic r2: ok (16s)
[430/555] down_rtt80_loss0_q0.25_f8 zfstack-bbr r2: ok (16s)
[431/555] down_rtt80_loss0.01_q2_f1 kernel-cubic r2: ok (16s)
[432/555] down_rtt80_loss0.01_q2_f1 smoltcp-cubic r2: ok (16s)
[433/555] down_rtt80_loss0.01_q2_f1 smoltcp-bbr r2: ok (16s)
[434/555] down_rtt80_loss0.01_q2_f1 zfstack-cubic r2: ok (16s)
[435/555] down_rtt80_loss0.01_q2_f1 zfstack-bbr r2: ok (16s)
[436/555] down_rtt80_loss0.01_q2_f8 kernel-cubic r2: ok (171s)
[437/555] down_rtt80_loss0.01_q2_f8 smoltcp-cubic r2: ok (16s)
[438/555] down_rtt80_loss0.01_q2_f8 smoltcp-bbr r2: ok (16s)
[439/555] down_rtt80_loss0.01_q2_f8 zfstack-cubic r2: ok (16s)
[440/555] down_rtt80_loss0.01_q2_f8 zfstack-bbr r2: ok (16s)
[441/555] down_rtt80_loss0.01_q0.25_f1 kernel-cubic r2: ok (16s)
[442/555] down_rtt80_loss0.01_q0.25_f1 smoltcp-cubic r2: ok (16s)
[443/555] down_rtt80_loss0.01_q0.25_f1 smoltcp-bbr r2: ok (16s)
[444/555] down_rtt80_loss0.01_q0.25_f1 zfstack-cubic r2: ok (16s)
[445/555] down_rtt80_loss0.01_q0.25_f1 zfstack-bbr r2: ok (16s)
[446/555] down_rtt80_loss0.01_q0.25_f8 kernel-cubic r2: ok (16s)
[447/555] down_rtt80_loss0.01_q0.25_f8 smoltcp-cubic r2: ok (16s)
[448/555] down_rtt80_loss0.01_q0.25_f8 smoltcp-bbr r2: ok (16s)
[449/555] down_rtt80_loss0.01_q0.25_f8 zfstack-cubic r2: ok (16s)
[450/555] down_rtt80_loss0.01_q0.25_f8 zfstack-bbr r2: ok (16s)
[451/555] up_rtt12_loss0_q2_f1 kernel-cubic r2: ok (16s)
[452/555] up_rtt12_loss0_q2_f1 smoltcp-cubic r2: ok (16s)
[453/555] up_rtt12_loss0_q2_f1 smoltcp-bbr r2: ok (16s)
[454/555] up_rtt12_loss0_q2_f1 zfstack-cubic r2: ok (16s)
[455/555] up_rtt12_loss0_q2_f1 zfstack-bbr r2: ok (16s)
[456/555] up_rtt12_loss0_q2_f8 kernel-cubic r2: ok (16s)
[457/555] up_rtt12_loss0_q2_f8 smoltcp-cubic r2: ok (16s)
[458/555] up_rtt12_loss0_q2_f8 smoltcp-bbr r2: ok (16s)
[459/555] up_rtt12_loss0_q2_f8 zfstack-cubic r2: ok (16s)
[460/555] up_rtt12_loss0_q2_f8 zfstack-bbr r2: ok (16s)
[461/555] up_rtt12_loss0_q0.25_f1 kernel-cubic r2: ok (16s)
[462/555] up_rtt12_loss0_q0.25_f1 smoltcp-cubic r2: ok (16s)
[463/555] up_rtt12_loss0_q0.25_f1 smoltcp-bbr r2: ok (16s)
[464/555] up_rtt12_loss0_q0.25_f1 zfstack-cubic r2: ok (16s)
[465/555] up_rtt12_loss0_q0.25_f1 zfstack-bbr r2: ok (16s)
[466/555] up_rtt12_loss0_q0.25_f8 kernel-cubic r2: ok (16s)
[467/555] up_rtt12_loss0_q0.25_f8 smoltcp-cubic r2: ok (16s)
[468/555] up_rtt12_loss0_q0.25_f8 smoltcp-bbr r2: ok (16s)
[469/555] up_rtt12_loss0_q0.25_f8 zfstack-cubic r2: ok (16s)
[470/555] up_rtt12_loss0_q0.25_f8 zfstack-bbr r2: ok (16s)
[471/555] up_rtt12_loss0.01_q2_f1 kernel-cubic r2: ok (16s)
[472/555] up_rtt12_loss0.01_q2_f1 smoltcp-cubic r2: ok (16s)
[473/555] up_rtt12_loss0.01_q2_f1 smoltcp-bbr r2: ok (16s)
[474/555] up_rtt12_loss0.01_q2_f1 zfstack-cubic r2: ok (16s)
[475/555] up_rtt12_loss0.01_q2_f1 zfstack-bbr r2: ok (16s)
[476/555] up_rtt12_loss0.01_q2_f8 kernel-cubic r2: ok (16s)
[477/555] up_rtt12_loss0.01_q2_f8 smoltcp-cubic r2: ok (16s)
[478/555] up_rtt12_loss0.01_q2_f8 smoltcp-bbr r2: ok (16s)
[479/555] up_rtt12_loss0.01_q2_f8 zfstack-cubic r2: ok (17s)
[480/555] up_rtt12_loss0.01_q2_f8 zfstack-bbr r2: ok (17s)
[481/555] up_rtt12_loss0.01_q0.25_f1 kernel-cubic r2: ok (16s)
[482/555] up_rtt12_loss0.01_q0.25_f1 smoltcp-cubic r2: ok (16s)
[483/555] up_rtt12_loss0.01_q0.25_f1 smoltcp-bbr r2: ok (16s)
[484/555] up_rtt12_loss0.01_q0.25_f1 zfstack-cubic r2: ok (16s)
[485/555] up_rtt12_loss0.01_q0.25_f1 zfstack-bbr r2: ok (16s)
[486/555] up_rtt12_loss0.01_q0.25_f8 kernel-cubic r2: ok (16s)
[487/555] up_rtt12_loss0.01_q0.25_f8 smoltcp-cubic r2: ok (16s)
[488/555] up_rtt12_loss0.01_q0.25_f8 smoltcp-bbr r2: ok (16s)
[489/555] up_rtt12_loss0.01_q0.25_f8 zfstack-cubic r2: ok (16s)
[490/555] up_rtt12_loss0.01_q0.25_f8 zfstack-bbr r2: ok (17s)
[491/555] up_rtt80_loss0_q2_f1 kernel-cubic r2: ok (16s)
[492/555] up_rtt80_loss0_q2_f1 smoltcp-cubic r2: ok (16s)
[493/555] up_rtt80_loss0_q2_f1 smoltcp-bbr r2: ok (16s)
[494/555] up_rtt80_loss0_q2_f1 zfstack-cubic r2: ok (127s)
[495/555] up_rtt80_loss0_q2_f1 zfstack-bbr r2: ok (16s)
[496/555] up_rtt80_loss0_q2_f8 kernel-cubic r2: ok (17s)
[497/555] up_rtt80_loss0_q2_f8 smoltcp-cubic r2: ok (17s)
[498/555] up_rtt80_loss0_q2_f8 smoltcp-bbr r2: ok (17s)
[499/555] up_rtt80_loss0_q2_f8 zfstack-cubic r2: ok (17s)
[500/555] up_rtt80_loss0_q2_f8 zfstack-bbr r2: ok (17s)
[501/555] up_rtt80_loss0_q0.25_f1 kernel-cubic r2: ok (16s)
[502/555] up_rtt80_loss0_q0.25_f1 smoltcp-cubic r2: ok (16s)
[503/555] up_rtt80_loss0_q0.25_f1 smoltcp-bbr r2: ok (16s)
[504/555] up_rtt80_loss0_q0.25_f1 zfstack-cubic r2: ok (16s)
[505/555] up_rtt80_loss0_q0.25_f1 zfstack-bbr r2: ok (16s)
[506/555] up_rtt80_loss0_q0.25_f8 kernel-cubic r2: ok (17s)
[507/555] up_rtt80_loss0_q0.25_f8 smoltcp-cubic r2: ok (17s)
[508/555] up_rtt80_loss0_q0.25_f8 smoltcp-bbr r2: ok (17s)
[509/555] up_rtt80_loss0_q0.25_f8 zfstack-cubic r2: ok (17s)
[510/555] up_rtt80_loss0_q0.25_f8 zfstack-bbr r2: ok (17s)
[511/555] up_rtt80_loss0.01_q2_f1 kernel-cubic r2: ok (16s)
[512/555] up_rtt80_loss0.01_q2_f1 smoltcp-cubic r2: ok (16s)
[513/555] up_rtt80_loss0.01_q2_f1 smoltcp-bbr r2: ok (16s)
[514/555] up_rtt80_loss0.01_q2_f1 zfstack-cubic r2: ok (16s)
[515/555] up_rtt80_loss0.01_q2_f1 zfstack-bbr r2: ok (16s)
[516/555] up_rtt80_loss0.01_q2_f8 kernel-cubic r2: ok (19s)
[517/555] up_rtt80_loss0.01_q2_f8 smoltcp-cubic r2: ok (19s)
[518/555] up_rtt80_loss0.01_q2_f8 smoltcp-bbr r2: ok (20s)
[519/555] up_rtt80_loss0.01_q2_f8 zfstack-cubic r2: ok (19s)
[520/555] up_rtt80_loss0.01_q2_f8 zfstack-bbr r2: ok (19s)
[521/555] up_rtt80_loss0.01_q0.25_f1 kernel-cubic r2: ok (16s)
[522/555] up_rtt80_loss0.01_q0.25_f1 smoltcp-cubic r2: ok (16s)
[523/555] up_rtt80_loss0.01_q0.25_f1 smoltcp-bbr r2: ok (16s)
[524/555] up_rtt80_loss0.01_q0.25_f1 zfstack-cubic r2: ok (16s)
[525/555] up_rtt80_loss0.01_q0.25_f1 zfstack-bbr r2: ok (16s)
[526/555] up_rtt80_loss0.01_q0.25_f8 kernel-cubic r2: ok (20s)
[527/555] up_rtt80_loss0.01_q0.25_f8 smoltcp-cubic r2: ok (18s)
[528/555] up_rtt80_loss0.01_q0.25_f8 smoltcp-bbr r2: ok (18s)
[529/555] up_rtt80_loss0.01_q0.25_f8 zfstack-cubic r2: ok (19s)
[530/555] up_rtt80_loss0.01_q0.25_f8 zfstack-bbr r2: ok (20s)
[531/555] mixed_rtt12_loss0_q2_f1 kernel-cubic r2: ok (19s)
[532/555] mixed_rtt12_loss0_q2_f1 smoltcp-cubic r2: ok (19s)
[533/555] mixed_rtt12_loss0_q2_f1 smoltcp-bbr r2: ok (19s)
[534/555] mixed_rtt12_loss0_q2_f1 zfstack-cubic r2: ok (19s)
[535/555] mixed_rtt12_loss0_q2_f1 zfstack-bbr r2: ok (19s)
[536/555] mixed_rtt12_loss0_q0.25_f1 kernel-cubic r2: ok (19s)
[537/555] mixed_rtt12_loss0_q0.25_f1 smoltcp-cubic r2: ok (19s)
[538/555] mixed_rtt12_loss0_q0.25_f1 smoltcp-bbr r2: ok (19s)
[539/555] mixed_rtt12_loss0_q0.25_f1 zfstack-cubic r2: ok (19s)
[540/555] mixed_rtt12_loss0_q0.25_f1 zfstack-bbr r2: ok (19s)
[541/555] mixed_rtt80_loss0_q2_f1 kernel-cubic r2: ok (19s)
[542/555] mixed_rtt80_loss0_q2_f1 smoltcp-cubic r2: ok (19s)
[543/555] mixed_rtt80_loss0_q2_f1 smoltcp-bbr r2: ok (19s)
[544/555] mixed_rtt80_loss0_q2_f1 zfstack-cubic r2: ok (19s)
[545/555] mixed_rtt80_loss0_q2_f1 zfstack-bbr r2: ok (19s)
[546/555] mixed_rtt80_loss0_q0.25_f1 kernel-cubic r2: ok (169s)
[547/555] mixed_rtt80_loss0_q0.25_f1 smoltcp-cubic r2: ok (19s)
[548/555] mixed_rtt80_loss0_q0.25_f1 smoltcp-bbr r2: ok (19s)
[549/555] mixed_rtt80_loss0_q0.25_f1 zfstack-cubic r2: ok (19s)
[550/555] mixed_rtt80_loss0_q0.25_f1 zfstack-bbr r2: ok (19s)
[551/555] connect_rtt12_loss0_q2_f1 kernel-cubic r2: ok (1s)
[552/555] connect_rtt12_loss0_q2_f1 smoltcp-cubic r2: ok (2s)
[553/555] connect_rtt12_loss0_q2_f1 smoltcp-bbr r2: ok (2s)
[554/555] connect_rtt12_loss0_q2_f1 zfstack-cubic r2: ok (1s)
[555/555] connect_rtt12_loss0_q2_f1 zfstack-bbr r2: ok (1s)
/workspace/bench/results/2026-09-27-perf-main667/report.md
